// Jest Snapshot v1, https://goo.gl/fbAQLP

exports[`the component should display seo 1`] = `null`;
